// Jest Snapshot v1, https://goo.gl/fbAQLP

exports[`Pruebas en el componente Debe mostrar el componente 1`] = `
<Fragment>
  <h3
    className="card animate__animated animate__fadeInLeft"
  >
     
    One Punch
     
  </h3>
  <p
    className="card animate__animated animate__fadeInLeft"
  >
    Loading
  </p>
  <div
    className="card-grid"
  />
</Fragment>
`;
